Initial Win CP for (console input, console output, system): (CP437, CP437, CP1252)
I changed them all to CP1252
Rc files read:
  NONE
Latexmk: This is Latexmk, John Collins, 27 Dec. 2024. Version 4.86a.
No existing .aux file, so I'll make a simple one, and require run of *latex.
Latexmk: applying rule 'pdflatex'...
Rule 'pdflatex':  Reasons for rerun
Category 'other':
  Rerun of 'pdflatex' forced or previously required:
    Reason or flag: 'Initial setup'

------------
Run number 1 of rule 'pdflatex'
------------
------------
Running 'pdflatex  -interaction=nonstopmode -recorder  "main.tex"'
------------
This is pdfTeX, Version 3.141592653-2.6-1.40.27 (TeX Live 2025) (preloaded format=pdflatex)
 restricted \write18 enabled.
entering extended mode
(./main.tex
LaTeX2e <2024-11-01> patch level 2
L3 programming layer <2025-04-29>
(c:/texlive/2025/texmf-dist/tex/latex/ieeetran/IEEEtran.cls
Document Class: IEEEtran 2015/08/26 V1.8b by Michael Shell
-- See the "IEEEtran_HOWTO" manual for usage information.
-- http://www.michaelshell.org/tex/ieeetran/
(c:/texlive/2025/texmf-dist/tex/latex/psnfss/ot1ptm.fd)
-- Using 8.5in x 11in (letter) paper.
-- Using PDF output.
-- This is a 10 point document.
)
** ATTENTION: Overriding command lockouts (line 2).
(c:/texlive/2025/texmf-dist/tex/latex/cite/cite.sty)
(c:/texlive/2025/texmf-dist/tex/latex/amsmath/amsmath.sty
For additional information on amsmath, use the `?' option.
(c:/texlive/2025/texmf-dist/tex/latex/amsmath/amstext.sty
(c:/texlive/2025/texmf-dist/tex/latex/amsmath/amsgen.sty))
(c:/texlive/2025/texmf-dist/tex/latex/amsmath/amsbsy.sty)
(c:/texlive/2025/texmf-dist/tex/latex/amsmath/amsopn.sty))
(c:/texlive/2025/texmf-dist/tex/latex/amsfonts/amssymb.sty
(c:/texlive/2025/texmf-dist/tex/latex/amsfonts/amsfonts.sty))
(c:/texlive/2025/texmf-dist/tex/latex/algorithms/algorithmic.sty
(c:/texlive/2025/texmf-dist/tex/latex/base/ifthen.sty)
(c:/texlive/2025/texmf-dist/tex/latex/graphics/keyval.sty))
(c:/texlive/2025/texmf-dist/tex/latex/graphics/graphicx.sty
(c:/texlive/2025/texmf-dist/tex/latex/graphics/graphics.sty
(c:/texlive/2025/texmf-dist/tex/latex/graphics/trig.sty)
(c:/texlive/2025/texmf-dist/tex/latex/graphics-cfg/graphics.cfg)
(c:/texlive/2025/texmf-dist/tex/latex/graphics-def/pdftex.def)))
(c:/texlive/2025/texmf-dist/tex/latex/base/textcomp.sty)
(c:/texlive/2025/texmf-dist/tex/latex/xcolor/xcolor.sty
(c:/texlive/2025/texmf-dist/tex/latex/graphics-cfg/color.cfg)
(c:/texlive/2025/texmf-dist/tex/latex/graphics/mathcolor.ltx))
(c:/texlive/2025/texmf-dist/tex/latex/booktabs/booktabs.sty)
(c:/texlive/2025/texmf-dist/tex/latex/url/url.sty)
(c:/texlive/2025/texmf-dist/tex/latex/hyperref/hyperref.sty
(c:/texlive/2025/texmf-dist/tex/generic/iftex/iftex.sty)
(c:/texlive/2025/texmf-dist/tex/latex/kvsetkeys/kvsetkeys.sty)
(c:/texlive/2025/texmf-dist/tex/generic/kvdefinekeys/kvdefinekeys.sty)
(c:/texlive/2025/texmf-dist/tex/generic/pdfescape/pdfescape.sty
(c:/texlive/2025/texmf-dist/tex/generic/ltxcmds/ltxcmds.sty)
(c:/texlive/2025/texmf-dist/tex/generic/pdftexcmds/pdftexcmds.sty
(c:/texlive/2025/texmf-dist/tex/generic/infwarerr/infwarerr.sty)))
(c:/texlive/2025/texmf-dist/tex/latex/hycolor/hycolor.sty)
(c:/texlive/2025/texmf-dist/tex/latex/hyperref/nameref.sty
(c:/texlive/2025/texmf-dist/tex/latex/refcount/refcount.sty)
(c:/texlive/2025/texmf-dist/tex/generic/gettitlestring/gettitlestring.sty
(c:/texlive/2025/texmf-dist/tex/latex/kvoptions/kvoptions.sty)))
(c:/texlive/2025/texmf-dist/tex/latex/etoolbox/etoolbox.sty)
(c:/texlive/2025/texmf-dist/tex/generic/stringenc/stringenc.sty)
(c:/texlive/2025/texmf-dist/tex/latex/hyperref/pd1enc.def)
(c:/texlive/2025/texmf-dist/tex/generic/intcalc/intcalc.sty)
(c:/texlive/2025/texmf-dist/tex/latex/hyperref/puenc.def)
(c:/texlive/2025/texmf-dist/tex/generic/bitset/bitset.sty
(c:/texlive/2025/texmf-dist/tex/generic/bigintcalc/bigintcalc.sty))
(c:/texlive/2025/texmf-dist/tex/latex/base/atbegshi-ltx.sty))
(c:/texlive/2025/texmf-dist/tex/latex/hyperref/hpdftex.def
(c:/texlive/2025/texmf-dist/tex/latex/base/atveryend-ltx.sty)
(c:/texlive/2025/texmf-dist/tex/latex/rerunfilecheck/rerunfilecheck.sty
(c:/texlive/2025/texmf-dist/tex/generic/uniquecounter/uniquecounter.sty)))
(c:/texlive/2025/texmf-dist/tex/latex/caption/caption.sty
(c:/texlive/2025/texmf-dist/tex/latex/caption/caption3.sty)

Package caption Warning: Unknown document class (or package),
(caption)                standard defaults will be used.
See the caption package documentation for explanation.

) (./generated/macros.tex)
(c:/texlive/2025/texmf-dist/tex/latex/l3backend/l3backend-pdftex.def)
(./main.aux)
-- Lines per column: 56 (exact).
(c:/texlive/2025/texmf-dist/tex/context/base/mkii/supp-pdf.mkii
[Loading MPS to PDF converter (version 2006.09.02).]
) (c:/texlive/2025/texmf-dist/tex/latex/epstopdf-pkg/epstopdf-base.sty
(c:/texlive/2025/texmf-dist/tex/latex/latexconfig/epstopdf-sys.cfg))

LaTeX Warning: Citation `liu2013bayesian' on page 1 undefined on input line 72.



LaTeX Warning: Citation `koren2009matrix' on page 1 undefined on input line 79.


(c:/texlive/2025/texmf-dist/tex/latex/amsfonts/umsa.fd)
(c:/texlive/2025/texmf-dist/tex/latex/amsfonts/umsb.fd)

LaTeX Warning: Citation `mnih2007probabilistic' on page 1 undefined on input li
ne 90.


LaTeX Warning: Citation `mnih2007probabilistic' on page 1 undefined on input li
ne 95.


LaTeX Warning: Citation `bennett2007netflix' on page 1 undefined on input line 
97.


LaTeX Warning: Citation `salakhutdinov2008bayesian' on page 1 undefined on inpu
t line 101.


LaTeX Warning: Citation `liu2013bayesian' on page 1 undefined on input line 104
.


LaTeX Warning: Citation `ma2008sorec' on page 1 undefined on input line 107.


LaTeX Warning: Citation `rendle2019difficulty' on page 1 undefined on input lin
e 116.


LaTeX Warning: Citation `dacrema2019worrying' on page 1 undefined on input line
 118.


[1{c:/texlive/2025/texmf-var/fonts/map/pdftex/updmap/pdftex.map}{c:/texlive/202
5/texmf-dist/fonts/enc/dvips/base/8r.enc}]

LaTeX Warning: Reference `eq:likelihood' on page 2 undefined on input line 161.



LaTeX Warning: Reference `eq:priors' on page 2 undefined on input line 163.



LaTeX Warning: Reference `eq:gradients' on page 2 undefined on input line 200.


LaTeX Warning: Reference `sec:scalability' on page 2 undefined on input line 20
3.


LaTeX Warning: Reference `sec:link' on page 2 undefined on input line 220.


LaTeX Warning: Reference `eq:logistic-likelihood' on page 2 undefined on input 
line 222.


LaTeX Warning: Citation `mnih2007probabilistic' on page 2 undefined on input li
ne 232.


LaTeX Warning: Citation `salakhutdinov2008bayesian' on page 2 undefined on inpu
t line 240.


[2]

LaTeX Warning: Citation `gelfand1990sampling' on page 3 undefined on input line
 246.


LaTeX Warning: Citation `liu2013bayesian' on page 3 undefined on input line 248
.


LaTeX Warning: Citation `ma2008sorec' on page 3 undefined on input line 249.


LaTeX Warning: Citation `harper2015movielens' on page 3 undefined on input line
 270.


LaTeX Warning: Reference `tab:datasets' on page 3 undefined on input line 273.

(./generated/table_datasets.tex)

LaTeX Warning: Reference `sec:coldstart' on page 3 undefined on input line 286.



LaTeX Warning: Reference `fig:dataset' on page 3 undefined on input line 287.


LaTeX Warning: Citation `polyak1964some' on page 3 undefined on input line 301.



LaTeX Warning: Citation `kingma2015adam' on page 3 undefined on input line 302.



LaTeX Warning: Citation `koren2008factorization' on page 3 undefined on input l
ine 306.



LaTeX Warning: Reference `eq:gradients' on page 3 undefined on input line 309.


LaTeX Warning: Reference `eq:objective' on page 3 undefined on input line 310.


LaTeX Warning: Reference `eq:objective' on page 3 undefined on input line 316.


LaTeX Warning: Citation `zhou2008large' on page 3 undefined on input line 321.


LaTeX Warning: Citation `jarvelin2000ir' on page 3 undefined on input line 337.



LaTeX Warning: Reference `eq:objective' on page 3 undefined on input line 342.


[3 <./figures/dataset_profile.pdf>]

LaTeX Warning: Reference `fig:learning' on page 4 undefined on input line 363.

(./generated/table_comparison_100k.tex)

LaTeX Warning: Reference `tab:comparison' on page 4 undefined on input line 387
.


LaTeX Warning: Reference `fig:comparison' on page 4 undefined on input line 387
.


LaTeX Warning: Reference `sec:limitations' on page 4 undefined on input line 40
7.


LaTeX Warning: Reference `sec:limitations' on page 4 undefined on input line 40
7.

(./generated/table_comparison_1m.tex)

LaTeX Warning: Reference `tab:comparison1m' on page 4 undefined on input line 4
14.


(./generated/table_latent_dimension.tex)

LaTeX Warning: Reference `tab:dimension' on page 4 undefined on input line 441.


(./generated/table_regularisation.tex)

LaTeX Warning: Reference `tab:regularisation' on page 4 undefined on input line
 464.

(./generated/table_link_function.tex)

LaTeX Warning: Reference `tab:link' on page 4 undefined on input line 481.


[4 <./figures/learning_curves.pdf> <./figures/model_comparison_ml-100k.pdf>]
(./generated/table_cold_start.tex)

LaTeX Warning: Reference `tab:coldstart' on page 5 undefined on input line 507.



LaTeX Warning: Reference `fig:coldstart' on page 5 undefined on input line 507.



(./generated/table_scalability.tex) (./generated/table_scaling_fits.tex)
[5 <./figures/latent_dimension.pdf>]

LaTeX Warning: Reference `eq:gradients' on page 6 undefined on input line 561.


Underfull \vbox (badness 10000) has occurred while \output is active
(./generated/table_ranking.tex)

LaTeX Warning: Reference `tab:ranking' on page 6 undefined on input line 579.


[6]

LaTeX Warning: Reference `tab:coldstart' on page 7 undefined on input line 597.



LaTeX Warning: Reference `tab:dimension' on page 7 undefined on input line 606.




[7 <./figures/regularisation.pdf> <./figures/cold_start.pdf> <./figures/scalabi
lity.pdf>]

LaTeX Warning: Reference `sec:scalability' on page 8 undefined on input line 63
2.


Underfull \hbox (badness 2961) in paragraph at lines 630--637
[]\OT1/ptm/m/n/10 Timing mea-sure-ments are single-machine and single-
(c:/texlive/2025/texmf-dist/tex/latex/psnfss/ot1pcr.fd)
Underfull \hbox (badness 10000) in paragraph at lines 656--661
\OT1/ptm/m/n/10 fol-lowed by \OT1/pcr/m/n/10 scripts/make_figures.py \OT1/ptm/m
/n/10 and

Underfull \hbox (badness 3118) in paragraph at lines 656--661
\OT1/pcr/m/n/10 scripts/make_report_tables.py\OT1/ptm/m/n/10 . The test suite,

LaTeX Warning: Reference `fig:claim' on page 8 undefined on input line 676.


LaTeX Warning: Reference `tab:comparison' on page 8 undefined on input line 678
.



LaTeX Warning: Reference `fig:learning' on page 8 undefined on input line 695.


LaTeX Warning: Citation `mnih2007probabilistic' on page 8 undefined on input li
ne 702.


LaTeX Warning: Citation `salakhutdinov2008bayesian' on page 8 undefined on inpu
t line 702.


LaTeX Warning: Citation `liu2013bayesian' on page 8 undefined on input line 704
.


LaTeX Warning: Reference `eq:likelihood' on page 8 undefined on input line 704.



LaTeX Warning: Reference `eq:logistic-likelihood' on page 8 undefined on input 
line 704.


LaTeX Warning: Citation `koren2009matrix' on page 8 undefined on input line 707
.

(./main.bbl
[8 <./figures/claim_verification.pdf>])

** Conference Paper **
Before submitting the final camera ready copy, remember to:

 1. Manually equalize the lengths of two columns on the last page
 of your paper;

 2. Ensure that any PostScript and/or PDF output post-processing
 uses only Type 1 fonts and that every step in the generation
 process uses the appropriate paper size.



[9] (./main.aux)

LaTeX Warning: There were undefined references.


LaTeX Warning: Label(s) may have changed. Rerun to get cross-references right.


Package rerunfilecheck Warning: File `main.out' has changed.
(rerunfilecheck)                Rerun to get outlines right
(rerunfilecheck)                or use package `bookmark'.

 )
(see the transcript file for additional information)<c:/texlive/2025/texmf-dist
/fonts/type1/public/amsfonts/cm/cmbx10.pfb><c:/texlive/2025/texmf-dist/fonts/ty
pe1/public/amsfonts/cm/cmex10.pfb><c:/texlive/2025/texmf-dist/fonts/type1/publi
c/amsfonts/cm/cmmi10.pfb><c:/texlive/2025/texmf-dist/fonts/type1/public/amsfont
s/cm/cmmi5.pfb><c:/texlive/2025/texmf-dist/fonts/type1/public/amsfonts/cm/cmmi6
.pfb><c:/texlive/2025/texmf-dist/fonts/type1/public/amsfonts/cm/cmmi7.pfb><c:/t
exlive/2025/texmf-dist/fonts/type1/public/amsfonts/cm/cmmi9.pfb><c:/texlive/202
5/texmf-dist/fonts/type1/public/amsfonts/cm/cmr10.pfb><c:/texlive/2025/texmf-di
st/fonts/type1/public/amsfonts/cm/cmr6.pfb><c:/texlive/2025/texmf-dist/fonts/ty
pe1/public/amsfonts/cm/cmr7.pfb><c:/texlive/2025/texmf-dist/fonts/type1/public/
amsfonts/cm/cmsy10.pfb><c:/texlive/2025/texmf-dist/fonts/type1/public/amsfonts/
cm/cmsy7.pfb><c:/texlive/2025/texmf-dist/fonts/type1/public/amsfonts/cm/cmsy9.p
fb><c:/texlive/2025/texmf-dist/fonts/type1/public/amsfonts/symbols/msbm10.pfb><
c:/texlive/2025/texmf-dist/fonts/type1/urw/courier/ucrr8a.pfb><c:/texlive/2025/
texmf-dist/fonts/type1/urw/times/utmb8a.pfb><c:/texlive/2025/texmf-dist/fonts/t
ype1/urw/times/utmbi8a.pfb><c:/texlive/2025/texmf-dist/fonts/type1/urw/times/ut
mr8a.pfb><c:/texlive/2025/texmf-dist/fonts/type1/urw/times/utmri8a.pfb>
Output written on main.pdf (9 pages, 408208 bytes).
Transcript written on main.log.
Latexmk: Getting log file 'main.log'
Latexmk: Examining 'main.fls'
Latexmk: Examining 'main.log'
Latexmk: Found input bbl file 'main.bbl'
Latexmk: References changed.
Latexmk: References changed.
Latexmk: Log file says output to 'main.pdf'
Latexmk: Found bibliography file(s):
  ./references.bib
Latexmk: applying rule 'bibtex main'...
Rule 'bibtex main':  Reasons for rerun
Category 'other':
  Rerun of 'bibtex main' forced or previously required:
    Reason or flag: 'Initial set up of rule'

------------
Run number 1 of rule 'bibtex main'
------------
------------
Running 'bibtex  "main.aux"'
------------
This is BibTeX, Version 0.99d (TeX Live 2025)
The top-level auxiliary file: main.aux
The style file: IEEEtran.bst
Database file #1: references.bib
-- IEEEtran.bst version 1.14 (2015/08/26) by Michael Shell.
-- http://www.michaelshell.org/tex/ieeetran/bibtex/
-- See the "IEEEtran_bst_HOWTO.pdf" manual for usage information.

Done.
Latexmk: applying rule 'pdflatex'...
Rule 'pdflatex':  Reasons for rerun
Changed files or newly in use/created:
  main.aux
  main.bbl
  main.out

------------
Run number 2 of rule 'pdflatex'
------------
------------
Running 'pdflatex  -interaction=nonstopmode -recorder  "main.tex"'
------------
This is pdfTeX, Version 3.141592653-2.6-1.40.27 (TeX Live 2025) (preloaded format=pdflatex)
 restricted \write18 enabled.
entering extended mode
(./main.tex
LaTeX2e <2024-11-01> patch level 2
L3 programming layer <2025-04-29>
(c:/texlive/2025/texmf-dist/tex/latex/ieeetran/IEEEtran.cls
Document Class: IEEEtran 2015/08/26 V1.8b by Michael Shell
-- See the "IEEEtran_HOWTO" manual for usage information.
-- http://www.michaelshell.org/tex/ieeetran/
(c:/texlive/2025/texmf-dist/tex/latex/psnfss/ot1ptm.fd)
-- Using 8.5in x 11in (letter) paper.
-- Using PDF output.
-- This is a 10 point document.
)
** ATTENTION: Overriding command lockouts (line 2).
(c:/texlive/2025/texmf-dist/tex/latex/cite/cite.sty)
(c:/texlive/2025/texmf-dist/tex/latex/amsmath/amsmath.sty
For additional information on amsmath, use the `?' option.
(c:/texlive/2025/texmf-dist/tex/latex/amsmath/amstext.sty
(c:/texlive/2025/texmf-dist/tex/latex/amsmath/amsgen.sty))
(c:/texlive/2025/texmf-dist/tex/latex/amsmath/amsbsy.sty)
(c:/texlive/2025/texmf-dist/tex/latex/amsmath/amsopn.sty))
(c:/texlive/2025/texmf-dist/tex/latex/amsfonts/amssymb.sty
(c:/texlive/2025/texmf-dist/tex/latex/amsfonts/amsfonts.sty))
(c:/texlive/2025/texmf-dist/tex/latex/algorithms/algorithmic.sty
(c:/texlive/2025/texmf-dist/tex/latex/base/ifthen.sty)
(c:/texlive/2025/texmf-dist/tex/latex/graphics/keyval.sty))
(c:/texlive/2025/texmf-dist/tex/latex/graphics/graphicx.sty
(c:/texlive/2025/texmf-dist/tex/latex/graphics/graphics.sty
(c:/texlive/2025/texmf-dist/tex/latex/graphics/trig.sty)
(c:/texlive/2025/texmf-dist/tex/latex/graphics-cfg/graphics.cfg)
(c:/texlive/2025/texmf-dist/tex/latex/graphics-def/pdftex.def)))
(c:/texlive/2025/texmf-dist/tex/latex/base/textcomp.sty)
(c:/texlive/2025/texmf-dist/tex/latex/xcolor/xcolor.sty
(c:/texlive/2025/texmf-dist/tex/latex/graphics-cfg/color.cfg)
(c:/texlive/2025/texmf-dist/tex/latex/graphics/mathcolor.ltx))
(c:/texlive/2025/texmf-dist/tex/latex/booktabs/booktabs.sty)
(c:/texlive/2025/texmf-dist/tex/latex/url/url.sty)
(c:/texlive/2025/texmf-dist/tex/latex/hyperref/hyperref.sty
(c:/texlive/2025/texmf-dist/tex/generic/iftex/iftex.sty)
(c:/texlive/2025/texmf-dist/tex/latex/kvsetkeys/kvsetkeys.sty)
(c:/texlive/2025/texmf-dist/tex/generic/kvdefinekeys/kvdefinekeys.sty)
(c:/texlive/2025/texmf-dist/tex/generic/pdfescape/pdfescape.sty
(c:/texlive/2025/texmf-dist/tex/generic/ltxcmds/ltxcmds.sty)
(c:/texlive/2025/texmf-dist/tex/generic/pdftexcmds/pdftexcmds.sty
(c:/texlive/2025/texmf-dist/tex/generic/infwarerr/infwarerr.sty)))
(c:/texlive/2025/texmf-dist/tex/latex/hycolor/hycolor.sty)
(c:/texlive/2025/texmf-dist/tex/latex/hyperref/nameref.sty
(c:/texlive/2025/texmf-dist/tex/latex/refcount/refcount.sty)
(c:/texlive/2025/texmf-dist/tex/generic/gettitlestring/gettitlestring.sty
(c:/texlive/2025/texmf-dist/tex/latex/kvoptions/kvoptions.sty)))
(c:/texlive/2025/texmf-dist/tex/latex/etoolbox/etoolbox.sty)
(c:/texlive/2025/texmf-dist/tex/generic/stringenc/stringenc.sty)
(c:/texlive/2025/texmf-dist/tex/latex/hyperref/pd1enc.def)
(c:/texlive/2025/texmf-dist/tex/generic/intcalc/intcalc.sty)
(c:/texlive/2025/texmf-dist/tex/latex/hyperref/puenc.def)
(c:/texlive/2025/texmf-dist/tex/generic/bitset/bitset.sty
(c:/texlive/2025/texmf-dist/tex/generic/bigintcalc/bigintcalc.sty))
(c:/texlive/2025/texmf-dist/tex/latex/base/atbegshi-ltx.sty))
(c:/texlive/2025/texmf-dist/tex/latex/hyperref/hpdftex.def
(c:/texlive/2025/texmf-dist/tex/latex/base/atveryend-ltx.sty)
(c:/texlive/2025/texmf-dist/tex/latex/rerunfilecheck/rerunfilecheck.sty
(c:/texlive/2025/texmf-dist/tex/generic/uniquecounter/uniquecounter.sty)))
(c:/texlive/2025/texmf-dist/tex/latex/caption/caption.sty
(c:/texlive/2025/texmf-dist/tex/latex/caption/caption3.sty)

Package caption Warning: Unknown document class (or package),
(caption)                standard defaults will be used.
See the caption package documentation for explanation.

) (./generated/macros.tex)
(c:/texlive/2025/texmf-dist/tex/latex/l3backend/l3backend-pdftex.def)
(./main.aux)
-- Lines per column: 56 (exact).
(c:/texlive/2025/texmf-dist/tex/context/base/mkii/supp-pdf.mkii
[Loading MPS to PDF converter (version 2006.09.02).]
) (c:/texlive/2025/texmf-dist/tex/latex/epstopdf-pkg/epstopdf-base.sty
(c:/texlive/2025/texmf-dist/tex/latex/latexconfig/epstopdf-sys.cfg))
(./main.out) (./main.out)
(c:/texlive/2025/texmf-dist/tex/latex/amsfonts/umsa.fd)
(c:/texlive/2025/texmf-dist/tex/latex/amsfonts/umsb.fd)

[1{c:/texlive/2025/texmf-var/fonts/map/pdftex/updmap/pdftex.map}{c:/texlive/202
5/texmf-dist/fonts/enc/dvips/base/8r.enc}]

[2] (./generated/table_datasets.tex)

[3 <./figures/dataset_profile.pdf>] (./generated/table_comparison_100k.tex)
(./generated/table_comparison_1m.tex)
(./generated/table_latent_dimension.tex) (./generated/table_regularisation.tex)
(./generated/table_link_function.tex)
[4 <./figures/learning_curves.pdf> <./figures/model_comparison_ml-100k.pdf>]
(./generated/table_cold_start.tex)
(./generated/table_scalability.tex) (./generated/table_scaling_fits.tex)
[5 <./figures/latent_dimension.pdf>]
Underfull \vbox (badness 10000) has occurred while \output is active
(./generated/table_ranking.tex)
[6]

[7 <./figures/regularisation.pdf> <./figures/cold_start.pdf> <./figures/scalabi
lity.pdf>]
Underfull \hbox (badness 2961) in paragraph at lines 630--637
[]\OT1/ptm/m/n/10 Timing mea-sure-ments are single-machine and single-
(c:/texlive/2025/texmf-dist/tex/latex/psnfss/ot1pcr.fd)
Underfull \hbox (badness 10000) in paragraph at lines 656--661
\OT1/ptm/m/n/10 fol-lowed by \OT1/pcr/m/n/10 scripts/make_figures.py \OT1/ptm/m
/n/10 and

Underfull \hbox (badness 3118) in paragraph at lines 656--661
\OT1/pcr/m/n/10 scripts/make_report_tables.py\OT1/ptm/m/n/10 . The test suite,

(./main.bbl
[8 <./figures/claim_verification.pdf>])

** Conference Paper **
Before submitting the final camera ready copy, remember to:

 1. Manually equalize the lengths of two columns on the last page
 of your paper;

 2. Ensure that any PostScript and/or PDF output post-processing
 uses only Type 1 fonts and that every step in the generation
 process uses the appropriate paper size.



[9] (./main.aux) )
(see the transcript file for additional information)<c:/texlive/2025/texmf-dist
/fonts/type1/public/amsfonts/cm/cmbx10.pfb><c:/texlive/2025/texmf-dist/fonts/ty
pe1/public/amsfonts/cm/cmex10.pfb><c:/texlive/2025/texmf-dist/fonts/type1/publi
c/amsfonts/cm/cmmi10.pfb><c:/texlive/2025/texmf-dist/fonts/type1/public/amsfont
s/cm/cmmi5.pfb><c:/texlive/2025/texmf-dist/fonts/type1/public/amsfonts/cm/cmmi6
.pfb><c:/texlive/2025/texmf-dist/fonts/type1/public/amsfonts/cm/cmmi7.pfb><c:/t
exlive/2025/texmf-dist/fonts/type1/public/amsfonts/cm/cmmi9.pfb><c:/texlive/202
5/texmf-dist/fonts/type1/public/amsfonts/cm/cmr10.pfb><c:/texlive/2025/texmf-di
st/fonts/type1/public/amsfonts/cm/cmr6.pfb><c:/texlive/2025/texmf-dist/fonts/ty
pe1/public/amsfonts/cm/cmr7.pfb><c:/texlive/2025/texmf-dist/fonts/type1/public/
amsfonts/cm/cmsy10.pfb><c:/texlive/2025/texmf-dist/fonts/type1/public/amsfonts/
cm/cmsy7.pfb><c:/texlive/2025/texmf-dist/fonts/type1/public/amsfonts/cm/cmsy9.p
fb><c:/texlive/2025/texmf-dist/fonts/type1/public/amsfonts/symbols/msbm10.pfb><
c:/texlive/2025/texmf-dist/fonts/type1/urw/courier/ucrr8a.pfb><c:/texlive/2025/
texmf-dist/fonts/type1/urw/times/utmb8a.pfb><c:/texlive/2025/texmf-dist/fonts/t
ype1/urw/times/utmbi8a.pfb><c:/texlive/2025/texmf-dist/fonts/type1/urw/times/ut
mr8a.pfb><c:/texlive/2025/texmf-dist/fonts/type1/urw/times/utmri8a.pfb>
Output written on main.pdf (9 pages, 412806 bytes).
Transcript written on main.log.
Latexmk: Getting log file 'main.log'
Latexmk: Examining 'main.fls'
Latexmk: Examining 'main.log'
Latexmk: Found input bbl file 'main.bbl'
Latexmk: Log file says output to 'main.pdf'
Latexmk: Found bibliography file(s):
  ./references.bib
Latexmk: All targets (main.pdf) are up-to-date

Reverting Windows console CPs to (in,out) = (437,437)
